<?xml version="1.0" encoding="UTF-8"?>
<testsuites name="jest tests" tests="32" failures="0" errors="0" time="0.965">
  <testsuite name="Joke Generator API" errors="0" failures="0" skipped="2" timestamp="2026-04-19T09:40:53" time="0.881" tests="32">
    <testcase classname="Joke Generator API GET / returns 200 with HTML UI" name="Joke Generator API GET / returns 200 with HTML UI" time="0.038">
    </testcase>
    <testcase classname="Joke Generator API GET /health returns 200 with status ok" name="Joke Generator API GET /health returns 200 with status ok" time="0.02">
    </testcase>
    <testcase classname="Joke Generator API GET /health includes the service name in the response" name="Joke Generator API GET /health includes the service name in the response" time="0.005">
    </testcase>
    <testcase classname="Joke Generator API GET /health includes a numeric uptime value" name="Joke Generator API GET /health includes a numeric uptime value" time="0.005">
    </testcase>
    <testcase classname="Joke Generator API GET /health uptime is rounded to at most 2 decimal places" name="Joke Generator API GET /health uptime is rounded to at most 2 decimal places" time="0.007">
    </testcase>
    <testcase classname="Joke Generator API GET /joke with filters passes the category filter to the upstream API" name="Joke Generator API GET /joke with filters passes the category filter to the upstream API" time="0.013">
    </testcase>
    <testcase classname="Joke Generator API GET /joke with filters passes blacklistFlags and type filters to the upstream API" name="Joke Generator API GET /joke with filters passes blacklistFlags and type filters to the upstream API" time="0.007">
    </testcase>
    <testcase classname="Joke Generator API GET /joke when the upstream returns a single-type joke returns 200" name="Joke Generator API GET /joke when the upstream returns a single-type joke returns 200" time="0.006">
    </testcase>
    <testcase classname="Joke Generator API GET /joke when the upstream returns a single-type joke returns type: single" name="Joke Generator API GET /joke when the upstream returns a single-type joke returns type: single" time="0.008">
    </testcase>
    <testcase classname="Joke Generator API GET /joke when the upstream returns a single-type joke includes the category field" name="Joke Generator API GET /joke when the upstream returns a single-type joke includes the category field" time="0.006">
    </testcase>
    <testcase classname="Joke Generator API GET /joke when the upstream returns a single-type joke includes the joke text" name="Joke Generator API GET /joke when the upstream returns a single-type joke includes the joke text" time="0.005">
    </testcase>
    <testcase classname="Joke Generator API GET /joke when the upstream returns a single-type joke does NOT include setup or delivery fields" name="Joke Generator API GET /joke when the upstream returns a single-type joke does NOT include setup or delivery fields" time="0.005">
    </testcase>
    <testcase classname="Joke Generator API GET /joke when the upstream returns a twopart-type joke returns 200" name="Joke Generator API GET /joke when the upstream returns a twopart-type joke returns 200" time="0.005">
    </testcase>
    <testcase classname="Joke Generator API GET /joke when the upstream returns a twopart-type joke returns type: twopart" name="Joke Generator API GET /joke when the upstream returns a twopart-type joke returns type: twopart" time="0.005">
    </testcase>
    <testcase classname="Joke Generator API GET /joke when the upstream returns a twopart-type joke includes the category field" name="Joke Generator API GET /joke when the upstream returns a twopart-type joke includes the category field" time="0.005">
    </testcase>
    <testcase classname="Joke Generator API GET /joke when the upstream returns a twopart-type joke includes the setup field" name="Joke Generator API GET /joke when the upstream returns a twopart-type joke includes the setup field" time="0.005">
    </testcase>
    <testcase classname="Joke Generator API GET /joke when the upstream returns a twopart-type joke includes the delivery field" name="Joke Generator API GET /joke when the upstream returns a twopart-type joke includes the delivery field" time="0.005">
    </testcase>
    <testcase classname="Joke Generator API GET /joke when the upstream returns a twopart-type joke does NOT include the joke field" name="Joke Generator API GET /joke when the upstream returns a twopart-type joke does NOT include the joke field" time="0.005">
    </testcase>
    <testcase classname="Joke Generator API GET /joke when the upstream service is down (network error) returns 502" name="Joke Generator API GET /joke when the upstream service is down (network error) returns 502" time="0.066">
    </testcase>
    <testcase classname="Joke Generator API GET /joke when the upstream service is down (network error) returns an error message citing the upstream service" name="Joke Generator API GET /joke when the upstream service is down (network error) returns an error message citing the upstream service" time="0.004">
    </testcase>
    <testcase classname="Joke Generator API GET /joke when the upstream returns a 500 error returns 502" name="Joke Generator API GET /joke when the upstream returns a 500 error returns 502" time="0.004">
    </testcase>
    <testcase classname="Joke Generator API GET /joke when the upstream returns a 500 error returns the upstream error message" name="Joke Generator API GET /joke when the upstream returns a 500 error returns the upstream error message" time="0.004">
    </testcase>
    <testcase classname="Joke Generator API GET /joke when the upstream request times out returns 502" name="Joke Generator API GET /joke when the upstream request times out returns 502" time="0.006">
    </testcase>
    <testcase classname="Joke Generator API GET /joke response shape always responds with JSON content-type" name="Joke Generator API GET /joke response shape always responds with JSON content-type" time="0.004">
    </testcase>
    <testcase classname="Joke Generator API 404 handler returns 404 for an unknown GET route" name="Joke Generator API 404 handler returns 404 for an unknown GET route" time="0.004">
    </testcase>
    <testcase classname="Joke Generator API 404 handler returns a descriptive error message" name="Joke Generator API 404 handler returns a descriptive error message" time="0.004">
    </testcase>
    <testcase classname="Joke Generator API 404 handler includes the HTTP method in the error message" name="Joke Generator API 404 handler includes the HTTP method in the error message" time="0.004">
    </testcase>
    <testcase classname="Joke Generator API 404 handler returns 404 for an unknown POST route" name="Joke Generator API 404 handler returns 404 for an unknown POST route" time="0.004">
    </testcase>
    <testcase classname="Joke Generator API 404 handler returns 404 for an unknown DELETE route" name="Joke Generator API 404 handler returns 404 for an unknown DELETE route" time="0.004">
    </testcase>
    <testcase classname="Joke Generator API response schema GET /health body has exactly status, service, uptime fields" name="Joke Generator API response schema GET /health body has exactly status, service, uptime fields" time="0.004">
    </testcase>
    <testcase classname="Joke Generator API response schema single joke body has exactly type, category, joke fields" name="Joke Generator API response schema single joke body has exactly type, category, joke fields" time="0">
      <skipped/>
    </testcase>
    <testcase classname="Joke Generator API response schema twopart joke body has exactly type, category, setup, delivery fields" name="Joke Generator API response schema twopart joke body has exactly type, category, setup, delivery fields" time="0">
      <skipped/>
    </testcase>
  </testsuite>
</testsuites>